// Jest Snapshot v1, https://goo.gl/fbAQLP

exports[`Create an employee service When someone wants to create an employee Then it should return correct information 1`] = `""`;
