// Jest Snapshot v1, https://goo.gl/fbAQLP

exports[`delete an employee service When a request to remove a employee arrived  Then it should return a confirm message that indicate successfully process 1`] = `
Array [
  Object {
    "message": "Employee deleted successfully",
  },
]
`;
